/home/nathan/clpdev/.clang-format:126:17: error: invalid boolean
ReflowComments: "Always"
                ^~~~~~~~
137472 warnings generated.
/home/nathan/clpdev/components/core/src/clp_s/timestamp_parser/TimestampParser.cpp:14:1: warning: included header system_error is not used directly [misc-include-cleaner]
   14 | #include <system_error>
      | ^~~~~~~~~~~~~~~~~~~~~~~
   15 | #include <utility>
/home/nathan/clpdev/components/core/src/clp_s/timestamp_parser/TimestampParser.cpp:90:13: error: use designated initializer list to initialize 'NamedTimezone' [modernize-use-designated-initializers,-warnings-as-errors]
   90 |         = {{{"EDT", "-0400", -240},
      |             ^~~~~~~~~~~~~~~~~~~~~~
      |              .name= .offset_str= .offset_minutes=
/home/nathan/clpdev/components/core/src/clp_s/timestamp_parser/TimestampParser.cpp:83:1: note: aggregate type is defined here
   83 | struct NamedTimezone {
      | ^
/home/nathan/clpdev/components/core/src/clp_s/timestamp_parser/TimestampParser.cpp:91:13: error: use designated initializer list to initialize 'NamedTimezone' [modernize-use-designated-initializers,-warnings-as-errors]
   91 |             {"EST", "-0500", -300},
      |             ^~~~~~~~~~~~~~~~~~~~~~
      |              .name= .offset_str= .offset_minutes=
/home/nathan/clpdev/components/core/src/clp_s/timestamp_parser/TimestampParser.cpp:83:1: note: aggregate type is defined here
   83 | struct NamedTimezone {
      | ^
/home/nathan/clpdev/components/core/src/clp_s/timestamp_parser/TimestampParser.cpp:92:13: error: use designated initializer list to initialize 'NamedTimezone' [modernize-use-designated-initializers,-warnings-as-errors]
   92 |             {"CDT", "-0500", -300},
      |             ^~~~~~~~~~~~~~~~~~~~~~
      |              .name= .offset_str= .offset_minutes=
/home/nathan/clpdev/components/core/src/clp_s/timestamp_parser/TimestampParser.cpp:83:1: note: aggregate type is defined here
   83 | struct NamedTimezone {
      | ^
/home/nathan/clpdev/components/core/src/clp_s/timestamp_parser/TimestampParser.cpp:93:13: error: use designated initializer list to initialize 'NamedTimezone' [modernize-use-designated-initializers,-warnings-as-errors]
   93 |             {"CST", "-0600", -360},
      |             ^~~~~~~~~~~~~~~~~~~~~~
      |              .name= .offset_str= .offset_minutes=
/home/nathan/clpdev/components/core/src/clp_s/timestamp_parser/TimestampParser.cpp:83:1: note: aggregate type is defined here
   83 | struct NamedTimezone {
      | ^
/home/nathan/clpdev/components/core/src/clp_s/timestamp_parser/TimestampParser.cpp:94:13: error: use designated initializer list to initialize 'NamedTimezone' [modernize-use-designated-initializers,-warnings-as-errors]
   94 |             {"MDT", "-0600", -360},
      |             ^~~~~~~~~~~~~~~~~~~~~~
      |              .name= .offset_str= .offset_minutes=
/home/nathan/clpdev/components/core/src/clp_s/timestamp_parser/TimestampParser.cpp:83:1: note: aggregate type is defined here
   83 | struct NamedTimezone {
      | ^
/home/nathan/clpdev/components/core/src/clp_s/timestamp_parser/TimestampParser.cpp:95:13: error: use designated initializer list to initialize 'NamedTimezone' [modernize-use-designated-initializers,-warnings-as-errors]
   95 |             {"MST", "-0700", -420},
      |             ^~~~~~~~~~~~~~~~~~~~~~
      |              .name= .offset_str= .offset_minutes=
/home/nathan/clpdev/components/core/src/clp_s/timestamp_parser/TimestampParser.cpp:83:1: note: aggregate type is defined here
   83 | struct NamedTimezone {
      | ^
/home/nathan/clpdev/components/core/src/clp_s/timestamp_parser/TimestampParser.cpp:96:13: error: use designated initializer list to initialize 'NamedTimezone' [modernize-use-designated-initializers,-warnings-as-errors]
   96 |             {"PDT", "-0700", -420},
      |             ^~~~~~~~~~~~~~~~~~~~~~
      |              .name= .offset_str= .offset_minutes=
/home/nathan/clpdev/components/core/src/clp_s/timestamp_parser/TimestampParser.cpp:83:1: note: aggregate type is defined here
   83 | struct NamedTimezone {
      | ^
/home/nathan/clpdev/components/core/src/clp_s/timestamp_parser/TimestampParser.cpp:97:13: error: use designated initializer list to initialize 'NamedTimezone' [modernize-use-designated-initializers,-warnings-as-errors]
   97 |             {"PST", "-0800", -480}}};
      |             ^~~~~~~~~~~~~~~~~~~~~~
      |              .name= .offset_str= .offset_minutes=
/home/nathan/clpdev/components/core/src/clp_s/timestamp_parser/TimestampParser.cpp:83:1: note: aggregate type is defined here
   83 | struct NamedTimezone {
      | ^
/home/nathan/clpdev/components/core/src/clp_s/timestamp_parser/TimestampParser.cpp:830:13: error: switch has 2 consecutive identical branches [bugprone-branch-clone,-warnings-as-errors]
  830 |             case 'z': {  // Timezone offset.
      |             ^
/home/nathan/clpdev/components/core/src/clp_s/timestamp_parser/TimestampParser.cpp:851:14: note: last of these clones ends here
  851 |             }
      |              ^
/home/nathan/clpdev/components/core/src/clp_s/timestamp_parser/TimestampParser.cpp:1180:37: error: use designated initializer list to initialize 'TimezoneInfo' [modernize-use-designated-initializers,-warnings-as-errors]
 1180 |                         TimezoneInfo{
      |                                     ^
 1181 |                                 extracted_timezone_str.size(),
      |                                 ~~~~~~~~~~~~~~~~~~~~~~~~~~~~~~
      |                                 .timestamp_length=
 1182 |                                 timezone_bracket_pattern.size(),
      |                                 ~~~~~~~~~~~~~~~~~~~~~~~~~~~~~~~~
      |                                 .pattern_length=
 1183 |                                 extracted_timezone_offset
      |                                 ~~~~~~~~~~~~~~~~~~~~~~~~~
      |                                 .offset=
 1184 |                         }
      |                         ~
/home/nathan/clpdev/components/core/src/clp_s/timestamp_parser/TimestampParser.hpp:17:1: note: aggregate type is defined here
   17 | struct TimezoneInfo {
      | ^
/home/nathan/clpdev/components/core/src/clp_s/timestamp_parser/TimestampParser.cpp:1222:37: error: use designated initializer list to initialize 'TimezoneInfo' [modernize-use-designated-initializers,-warnings-as-errors]
 1222 |                         TimezoneInfo{name_str.size(), bracket_pattern.size(), extracted_offset}
      |                                     ^~~~~~~~~~~~~~~~~~~~~~~~~~~~~~~~~~~~~~~~~~~~~~~~~~~~~~~~~~~
      |                                      .timestamp_length= .pattern_length=      .offset=
/home/nathan/clpdev/components/core/src/clp_s/timestamp_parser/TimestampParser.hpp:17:1: note: aggregate type is defined here
   17 | struct TimezoneInfo {
      | ^
Suppressed 137645 warnings (137452 in non-user code, 193 NOLINT).
Use -header-filter=.* to display errors from all non-system headers. Use -system-headers to display errors from system headers as well.
11 warnings treated as errors
